// Vitest Snapshot v1, https://vitest.dev/guide/snapshot.html

exports[`snapshot dos componentes > abas 1`] = `"<div role="tablist" aria-label="Seções do perfil" class="border-line flex border-b"><button type="button" role="tab" aria-selected="true" class="text-label flex-1 cursor-pointer px-1 py-2 font-semibold border-ink text-ink border-b-2">Respostas</button><button type="button" role="tab" aria-selected="false" class="text-label flex-1 cursor-pointer px-1 py-2 font-semibold text-inkMuted border-b-2 border-transparent">Comunidades</button></div>"`;

exports[`snapshot dos componentes > botão de destaque 1`] = `"<button type="button" class="rounded-pill box-border inline-flex cursor-pointer items-center justify-center gap-1 font-semibold px-3 py-2 text-bodyStrong bg-sun text-ink border-2 border-sun">Responder</button>"`;

exports[`snapshot dos componentes > botão desativado com explicação 1`] = `"<span class="inline-flex flex-col items-start gap-1"><button type="button" disabled="" class="rounded-pill box-border inline-flex cursor-pointer items-center justify-center gap-1 font-semibold px-3 py-2 text-bodyStrong border-line bg-line text-inkMuted cursor-not-allowed border-2">Continuar</button><span class="text-caption text-inkMuted">Escolha ao menos 3 comunidades.</span></span>"`;

exports[`snapshot dos componentes > botão primário 1`] = `"<button type="button" class="rounded-pill box-border inline-flex cursor-pointer items-center justify-center gap-1 font-semibold px-3 py-2 text-bodyStrong bg-ink text-paper border-2 border-ink">Responder</button>"`;

exports[`snapshot dos componentes > botão secundário 1`] = `"<button type="button" class="rounded-pill box-border inline-flex cursor-pointer items-center justify-center gap-1 font-semibold px-3 py-2 text-bodyStrong bg-transparent text-ink border-2 border-ink">Cancelar</button>"`;

exports[`snapshot dos componentes > caixa de seleção marcada 1`] = `"<span class="inline-flex items-center gap-2"><button id="_R_0_" type="button" role="checkbox" aria-checked="true" class="size-checkbox rounded-control box-border inline-grid cursor-pointer place-items-center border-2 border-ink bg-ink text-paper"><svg viewBox="0 0 24 24" width="24" height="24" fill="none" stroke="currentColor" stroke-width="2" stroke-linecap="round" stroke-linejoin="round" aria-hidden="true" class="size-iconSm"><path d="M5 12l5 5 9-10"></path></svg></button><label for="_R_0_" class="text-body text-ink cursor-pointer">Li e aceito os Termos de uso</label></span>"`;

exports[`snapshot dos componentes > campo de texto com contador 1`] = `"<div class="flex flex-col gap-1"><label for="_R_0_" class="text-label text-ink font-semibold">Sua resposta</label><textarea id="_R_0_" maxLength="240" aria-describedby="_R_0_-contador" class="bg-paper text-body text-ink box-border w-full resize-none rounded-sm px-2 py-2 border-inkMuted border-2"></textarea><div class="flex items-baseline justify-between gap-1"><span></span><span id="_R_0_-contador" aria-live="polite" class="text-caption text-inkMuted">240 caracteres</span></div></div>"`;

exports[`snapshot dos componentes > carregando 1`] = `"<span aria-hidden="true" class="bg-lavender/40 block rounded-sm h-avatarLg w-full"></span>"`;

exports[`snapshot dos componentes > cartão de Hot Topic 1`] = `"<article class="bg-ink text-paper flex flex-col gap-2 rounded-md p-3"><p class="text-caption">primeira festa</p><h3 class="text-question">Como foi a primeira festa que te fez gostar de música eletrônica?</h3><div class="flex items-center justify-between gap-2"><p class="text-caption">42 pessoas · 87 respostas</p><span class="flex items-center gap-2"><button type="button" class="rounded-pill box-border inline-flex cursor-pointer items-center justify-center gap-1 font-semibold px-2 py-1 text-caption bg-sun text-ink border-2 border-sun">Responder</button></span></div></article>"`;

exports[`snapshot dos componentes > cartão de resposta 1`] = `"<article class="bg-paper flex flex-col gap-1 rounded-sm p-2"><div class="flex items-center gap-2"><span class="text-bodyStrong text-ink">Lia Souza</span><span class="text-caption text-inkMuted">@liasouza · há 2 h</span></div><p class="text-body text-ink">Um set de 6 horas num galpão.</p></article>"`;

exports[`snapshot dos componentes > chip não selecionado 1`] = `"<button type="button" aria-pressed="false" class="text-label text-ink box-border inline-flex cursor-pointer items-center gap-1 rounded-sm px-2 py-1 font-semibold border-inkMuted bg-paper border-2">Cinema</button>"`;

exports[`snapshot dos componentes > chip selecionado 1`] = `"<button type="button" aria-pressed="true" class="text-label text-ink box-border inline-flex cursor-pointer items-center gap-1 rounded-sm px-2 py-1 font-semibold border-lavender bg-lavender border-2"><span aria-hidden="true">✓</span>Música</button>"`;

exports[`snapshot dos componentes > erro com tentar de novo 1`] = `"<div class="flex flex-col items-start gap-2"><p role="alert" class="bg-paper text-caption text-error flex items-start gap-1 rounded-sm p-2"><svg viewBox="0 0 24 24" width="24" height="24" fill="none" stroke="currentColor" stroke-width="2" stroke-linecap="round" stroke-linejoin="round" aria-hidden="true" class="size-iconSm shrink-0"><circle cx="12" cy="12" r="8"></circle><path d="M12 8v5M12 16v.5"></path></svg><span>Não foi possível carregar os tópicos.</span></p><button type="button" class="rounded-pill border-ink text-caption text-ink box-border cursor-pointer border-2 px-2 py-1 font-semibold">Tentar de novo</button></div>"`;

exports[`snapshot dos componentes > fim da lista 1`] = `"<p class="border-line text-caption text-inkMuted border-t border-dashed py-1 text-center">Você está em dia.</p>"`;

exports[`snapshot dos componentes > folha inferior 1`] = `"<div role="dialog" aria-modal="true" aria-labelledby="_R_0_" class="bg-paper flex w-full flex-col gap-2 rounded-t-md p-3"><span aria-hidden="true" class="w-avatarMd rounded-pill bg-line h-1 self-center"></span><h2 id="_R_0_" class="text-subtitle text-ink">Ordenar tópicos</h2><p>conteúdo</p></div>"`;

exports[`snapshot dos componentes > interruptor desligado 1`] = `"<button type="button" role="switch" aria-checked="false" aria-label="Avisar sobre destaque" class="h-toggleH w-toggleW rounded-pill relative inline-flex cursor-pointer bg-line"><span aria-hidden="true" class="size-toggleKnob rounded-pill bg-paper absolute top-1 transition-[left] left-1"></span></button>"`;

exports[`snapshot dos componentes > interruptor ligado 1`] = `"<button type="button" role="switch" aria-checked="true" aria-label="Avisar sobre destaque" class="h-toggleH w-toggleW rounded-pill relative inline-flex cursor-pointer bg-ink"><span aria-hidden="true" class="size-toggleKnob rounded-pill bg-paper absolute top-1 transition-[left] left-[calc(var(--spacing-toggleW)-var(--spacing-toggleKnob)-var(--spacing-1))]"></span></button>"`;

exports[`snapshot dos componentes > linha de comunidade 1`] = `"<div class="bg-paper flex items-center gap-2 rounded-sm p-2"><span aria-hidden="true" class="size-thumb bg-lavender shrink-0 rounded-sm bg-cover bg-center"></span><span class="min-w-0 flex-1"><span class="text-bodyStrong text-ink block truncate">Música Eletrônica</span><span class="text-caption text-inkMuted block">1240 membros · 8 tópicos ativos</span></span></div>"`;

exports[`snapshot dos componentes > linha de tópico 1`] = `"<div class="bg-paper flex items-center gap-2 rounded-sm p-2"><span class="min-w-0 flex-1"><span class="text-bodyStrong text-ink block truncate"><svg viewBox="0 0 24 24" aria-hidden="true" class="inline-block size-[1em] align-[-0.12em] text-ink mr-1"><g fill="currentColor"><rect x="9.7" y="3.2" width="4.6" height="9.6" transform="rotate(0 12 12.8)"></rect><rect x="9.7" y="3.2" width="4.6" height="9.6" transform="rotate(72 12 12.8)"></rect><rect x="9.7" y="3.2" width="4.6" height="9.6" transform="rotate(144 12 12.8)"></rect><rect x="9.7" y="3.2" width="4.6" height="9.6" transform="rotate(216 12 12.8)"></rect><rect x="9.7" y="3.2" width="4.6" height="9.6" transform="rotate(288 12 12.8)"></rect><circle cx="12" cy="12.8" r="2.8"></circle></g></svg>primeira festa</span><span class="text-caption text-inkMuted block">42 pessoas · 87 respostas</span></span></div>"`;

exports[`snapshot dos componentes > marca de Universo 1`] = `"<span aria-hidden="true" class="size-mark text-subtitle inline-grid place-items-center rounded-sm font-extrabold bg-sun text-ink">{</span>"`;

exports[`snapshot dos componentes > marca de comunidade 1`] = `"<span aria-hidden="true" class="size-mark text-subtitle inline-grid place-items-center rounded-sm font-extrabold bg-lavender text-ink">#</span>"`;

exports[`snapshot dos componentes > marca de tópico 1`] = `"<span aria-hidden="true" class="size-mark text-subtitle inline-grid place-items-center rounded-sm font-extrabold bg-ink text-paper"><svg viewBox="0 0 24 24" aria-hidden="true" class="size-icon"><g fill="currentColor"><rect x="9.7" y="3.2" width="4.6" height="9.6" transform="rotate(0 12 12.8)"></rect><rect x="9.7" y="3.2" width="4.6" height="9.6" transform="rotate(72 12 12.8)"></rect><rect x="9.7" y="3.2" width="4.6" height="9.6" transform="rotate(144 12 12.8)"></rect><rect x="9.7" y="3.2" width="4.6" height="9.6" transform="rotate(216 12 12.8)"></rect><rect x="9.7" y="3.2" width="4.6" height="9.6" transform="rotate(288 12 12.8)"></rect><circle cx="12" cy="12.8" r="2.8"></circle></g></svg></span>"`;

exports[`snapshot dos componentes > porta da comunidade, membro 1`] = `"<button type="button" aria-pressed="true" aria-label="Membro. Toque para sair da comunidade" class="size-mark border-lavender text-subtitle text-ink box-border inline-grid cursor-pointer place-items-center rounded-sm border-2 font-extrabold bg-lavender"><span aria-hidden="true">#</span></button>"`;

exports[`snapshot dos componentes > porta da comunidade, visitante 1`] = `"<button type="button" aria-pressed="false" aria-label="Entrar na comunidade" class="size-mark border-lavender text-subtitle text-ink box-border inline-grid cursor-pointer place-items-center rounded-sm border-2 font-extrabold bg-paper"><span aria-hidden="true">#</span></button>"`;

exports[`snapshot dos componentes > sucesso 1`] = `"<p role="status" class="bg-paper text-caption text-success flex items-start gap-1 rounded-sm p-2"><svg viewBox="0 0 24 24" width="24" height="24" fill="none" stroke="currentColor" stroke-width="2" stroke-linecap="round" stroke-linejoin="round" aria-hidden="true" class="size-iconSm shrink-0"><path d="M5 12l5 5 9-10"></path></svg><span>Tópico criado em Música Eletrônica</span></p>"`;

exports[`snapshot dos componentes > vazio 1`] = `"<div class="flex flex-col items-start gap-2"><p class="text-bodyStrong text-ink font-extrabold">Nenhum tópico ainda</p><p class="text-caption text-inkMuted">Crie o primeiro.</p></div>"`;
